SystemName     Short 2OS                                                                       
SystemLabel     short-2OS                                                                       
SpinPolarized              F     # default value
NonCollinearSpin              F     # default value
SpinOrbit              F     # default value
#:block? SpinPolarized              F
#:defined? SpinPolarized              F
#:block? NonCollinearSpin              F
#:defined? NonCollinearSpin              F
#:block? SpinOrbit              F
#:defined? SpinOrbit              F
Spin     none                                 # default value
TimeReversalSymmetry              T     # default value
DebugObjects.Node         0     # default value
DebugObjects              F     # default value
XML.Write              F     # default value
timer_report_threshold          0.000000000         # default value
UseParallelTimer              T     # default value
UseTreeTimer              F     # default value
timing-split-scf-steps              F     # default value
use-walltime              F     # default value
timer-use-inbalance              F     # default value
alloc_report_level         0     # default value
alloc_report_threshold          0.000000000         # default value
xc.functional     GGA                                                                             
xc.authors     PBE                                                                             
#:block? XC.hybrid              F
#:defined? XC.hybrid              F
#:block? XC.cocktail              F
#:defined? XC.cocktail              F
MM.Cutoff          30.00000000     Bohr     # default value
MM.UnitsEnergy     eV     # default value
MM.UnitsDistance     Ang     # default value
Atom.Debug              F     # default value
WriteIonPlotFiles              F     # default value
Atom.Debug.KB.Generation              F     # default value
KB.New.Reference.Orbitals              F     # default value
user-basis              F     # default value
user-basis-netcdf              F     # default value
#:block? DFTU.proj              F
#:defined? DFTU.proj              F
#:block? LDAU.proj              F
#:defined? LDAU.proj              F
Number_of_species              2
%block Chemical_species_label
  1  6  C        # Species index, atomic number, species label
  2  1  H        # Species index, atomic number, species label
%endblock Chemical_species_label
ReparametrizePseudos              T     # default value
NewAParameter         0.1000000000E-02     # default value
NewBParameter         0.1000000000E-01     # default value
NewGridRmax          0.000000000         # default value
Restricted.Radial.Grid              T     # default value
Rmax.Radial.Grid          50.00000000         # default value
PAO.BasisSize     standard            # default value
PAO.BasisType     split          # default value
PAO.SoftDefault              T     # default value
PAO.SoftInnerRadius         0.9000000000         # default value
PAO.SoftPotential          40.00000000         # default value
PAO.SplitNorm         0.1500000000         # default value
PAO.SplitNormH         -1.000000000         # default value
PAO.Polarization.NonPerturbative              F     # default value
PAO.NonPerturbative.Polarization.Orbitals              F     # default value
PAO.Polarization.NonPerturbative.Fallback              T     # default value
LDAU.ProjectorGenerationMethod         2     # default value
DFTU.ProjectorGenerationMethod         2     # default value
LDAU.EnergyShift         0.5000000000E-01 Ry     # default value
DFTU.EnergyShift         0.5000000000E-01 Ry     # default value
LDAU.CutoffNorm         0.9000000000         # default value
DFTU.CutoffNorm         0.9000000000         # default value
PAO.SoftDefault              T     # default value
PAO.SoftInnerRadius         0.9000000000         # default value
PAO.SoftPotential          40.00000000         # default value
LDAU.ThresholdTol         0.1000000000E-01     # default value
DFTU.ThresholdTol         0.1000000000E-01     # default value
LDAU.PopTol         0.1000000000E-02     # default value
DFTU.PopTol         0.1000000000E-02     # default value
LDAU.PotentialShift              F     # default value
DFTU.PotentialShift              F     # default value
LDAU.FirstIteration              F     # default value
DFTU.FirstIteration              F     # default value
FilterCutoff          0.000000000     Ry     # default value
FilterTol          0.000000000     Ry     # default value
PAO.SplitValence.Legacy              F     # default value
PAO.SplitTailNorm              T     # default value
spin-orbit-strength          1.000000000         # default value
Use.PSML.KB.Projectors              F     # default value
Use.PSML.Vlocal              F     # default value
PSML.KB.Projectors              F     # default value
PSML.Vlocal              F     # default value
vlocal-from-chlocal              F     # default value
Rmax.PS.Check          49.93037601     Bohr     # default value
Vlocal.Fit.3derivs              F     # default value
chlocal-use-charge-cutoff-for-vlocal-fit              F     # default value
use-charge-cutoff-for-large-core              F     # default value
Atom.Ignore.Ghosts              F     # default value
KB.Rmax          0.000000000     Bohr     # default value
PAO.EnergyShift         0.1000000000E-01 Ry     # default value
PAO.Filter              F     # default value
PAO.Filter              F     # default value
PAO.Filter              F     # default value
PAO.Filter              F     # default value
PAO.OldStylePolorbs              F     # default value
PAO.Filter              F     # default value
Vna.Filter              F     # default value
FilterCutoff          0.000000000     Ry     # default value
FilterTol          0.000000000     Ry     # default value
PAO.SplitValence.Legacy              F     # default value
PAO.SplitTailNorm              T     # default value
spin-orbit-strength          1.000000000         # default value
Use.PSML.KB.Projectors              F     # default value
Use.PSML.Vlocal              F     # default value
PSML.KB.Projectors              F     # default value
PSML.Vlocal              F     # default value
vlocal-from-chlocal              F     # default value
Rmax.PS.Check          49.93037601     Bohr     # default value
Vlocal.Fit.3derivs              F     # default value
chlocal-use-charge-cutoff-for-vlocal-fit              F     # default value
use-charge-cutoff-for-large-core              F     # default value
Atom.Ignore.Ghosts              F     # default value
KB.Rmax          0.000000000     Bohr     # default value
PAO.EnergyShift         0.1000000000E-01 Ry     # default value
PAO.Filter              F     # default value
PAO.Filter              F     # default value
PAO.OldStylePolorbs              F     # default value
PAO.Filter              F     # default value
Vna.Filter              F     # default value
PAO.BasisType     split          # default value
Debug.Elec.Corr              F     # default value
Atom-Setup-Only              F     # default value
UseStructFile              F     # default value
MD.UseStructFile              F     # default value
#:block? LatticeParameters              F
%block LatticeVectors
LatticeConstant          1.889726125           Bohr
# above item originally: LatticeConstant          1.000000000     Ang       
    30.000000    0.000000    0.000000
     0.000000   20.000000    0.000000
     0.000000    0.000000   20.000000
%endblock LatticeVectors
AtomicCoordinatesFormat     Ang                                                                             
NumberOfAtoms             85
#:block? AtomicCoordinatesOrigin              F
#:defined? AtomicCoordinatesOrigin              F
ZM.UnitsLength     Bohr           # default value
ZM.UnitsAngle     rad            # default value
ZM.ForceTolLength         0.1555740000E-02 Ry/Bohr     # default value
ZM.ForceTolAngle         0.3565490000E-02 Ry/rad     # default value
ZM.MaxDisplLength         0.2000000000     Bohr     # default value
ZM.MaxDisplAngle         0.3000000000E-02 rad     # default value
ZM.CalcAllForces              F     # default value
%block AtomicCoordinatesAndAtomicSpecies
      -2.72805       -1.54854        0.61725    1
      -2.67352       -2.84852        0.06387    1
      -1.56978       -3.28137       -0.65449    1
      -0.50590       -2.42514       -0.87569    1
      -0.49565       -1.10607       -0.39456    1
      -1.61531       -0.68811        0.38983    1
       0.75532       -2.87709       -1.29872    1
       1.67741       -2.28864       -1.66746    1
       1.68519       -0.88496       -1.52760    1
       0.62279       -0.27257       -0.78345    1
       2.69081       -2.96683       -2.34048    1
       3.74021       -2.25089       -2.91102    1
       3.76239       -0.85747       -2.81894    1
       2.74288       -0.17494       -2.14176    1
      -1.57651        4.20125       -0.87046    1
      -2.67016        3.66773       -1.69872    1
      -2.63184        2.39052       -2.07680    1
       0.62695        1.21801       -0.46136    1
      -0.49368        2.03153       -0.86519    1
      -0.54492        3.40834       -0.49922    1
      -1.50452        1.53978       -1.64095    1
       2.97295        1.22450        0.51611    1
       0.49374        3.97785        0.22444    1
       4.07895        1.94590        1.02709    1
       1.63111        3.24636        0.53811    1
       1.73761        1.86976        0.20333    1
       2.68290        3.91698        1.16756    1
       3.88907        3.28110        1.39111    1
       5.46039        1.36106        1.08529    1
       5.88691       -0.05915        1.15465    1
       7.26199       -0.12502        0.96661    1
       7.77994        1.21229        0.75276    1
       6.72575        2.11365        0.80337    1
       5.15642       -1.23420        1.37845    1
       5.83876       -2.46389        1.38274    1
       7.22957       -2.51403        1.17402    1
       7.95450       -1.33466        0.96639    1
       6.97285        3.47328        0.52847    1
       8.28632        3.89351        0.25854    1
       9.34104        2.96864        0.24374    1
       9.09114        1.61237        0.48391    1
      -3.95180       -1.08332        1.44232    1
      -4.72883        0.05512        0.79581    1
      -5.06846       -2.12012        1.54443    1
      -6.23685       -1.67252        0.95525    1
      -6.03120       -0.32256        0.50040    1
      -5.02951       -3.39154        2.13421    1
      -6.17863       -4.20119        2.08460    1
      -7.35255       -3.73721        1.46325    1
      -7.39128       -2.45558        0.89735    1
      -6.94614        0.54837       -0.09352    1
      -4.31618        1.36643        0.53012    1
      -6.53182        1.85494       -0.37473    1
      -5.22779        2.26439       -0.05266    1
      -8.23298       -4.36598        1.42880    2
      -8.29665       -2.08771        0.43255    2
      -4.12641       -3.75220        2.60776    2
      -6.16134       -5.18938        2.52434    2
      -7.95845        0.23616       -0.31461    2
      -7.22344        2.55631       -0.82363    2
      -4.93130        3.28367       -0.25192    2
      -3.32390        1.70666        0.78059    2
       4.09321       -1.22460        1.55405    2
       5.29194       -3.38227        1.54838    2
       7.74460       -3.46577        1.17482    2
       9.02459       -1.36805        0.80350    2
       6.20242        4.22081        0.49280    2
       8.48272        4.93678        0.04971    2
      10.34645        3.30438        0.02539    2
       9.90122        0.89498        0.44274    2
      -3.47169       -3.56218        0.17289    2
      -1.63346        0.30362        0.80771    2
      -1.54276       -4.28416       -1.05981    2
       0.87456       -4.61280       -0.43252    2
       2.79616        0.90309       -2.10270    2
       4.57378       -0.30410       -3.27225    2
       2.65905       -4.04629       -2.41083    2
       4.53130       -2.77661       -3.42947    2
       3.12147        0.19795        0.26849    2
       2.59523        4.96301        1.43982    2
       4.67538        3.85672        1.84736    2
       0.44917        5.03081        0.48995    2
      -1.52717        0.52409       -2.00713    2
      -1.61022        5.25259       -0.59427    2
      -3.48832        4.30782       -2.00948    2
%endblock AtomicCoordinatesAndAtomicSpecies
UseSaveData              F     # default value
MD.UseSaveXV              T
MD.UseSaveZM              F     # default value
WriteCoorInitial              T     # default value
MD.TypeOfRun     CG                                                                              
MD.TypeOfRun     CG                                                                              
MD.InitialTimeStep         1     # default value
MD.FinalTimeStep         1     # default value
MD.TypeOfRun     CG                                                                              
MaxBondDistance          6.000000000     Bohr     # default value
Output-Structure-Only              F     # default value
WriteCoorXmol              T
#:physical? MaxWalltime              F
MaxWalltime         0.1797693135+309     # default value
#:physical? MaxWalltime.Slack              F
MaxWalltime.Slack          5.000000000         # default value
HSetupOnly              F     # default value
LongOutput              F     # default value
WriteDenchar              F     # default value
WriteOrbMom              F     # default value
MullikenInSCF              F     # default value
#:block? MullikenInSCF              F
#:defined? MullikenInSCF              F
SpinInSCF              F     # default value
#:block? SpinInSCF              F
#:defined? SpinInSCF              F
PartialChargesAtEveryGeometry              F     # default value
#:block? PartialChargesAtEveryGeometry              F
#:defined? PartialChargesAtEveryGeometry              F
PartialChargesAtEveryScfStep              F     # default value
#:block? PartialChargesAtEveryScfStep              F
#:defined? PartialChargesAtEveryScfStep              F
WriteMullikenPop              1
#:defined? WriteMullikenPop              T
#**Warning: FDF symbol 'WriteMullikenPop' is deprecated.
#:block? Charge.Mulliken              F
#:defined? Charge.Mulliken              F
#           FDF symbol 'Charge.Mulliken' replaces 'WriteMullikenPop'.
#:defined? WriteMullikenPop              T
#**Warning: FDF symbol 'WriteMullikenPop' is deprecated.
#:block? Charge.Mulliken.Format              F
#:defined? Charge.Mulliken.Format              F
#           FDF symbol 'Charge.Mulliken.Format' replaces 'WriteMullikenPop'.
#:block? Charge.Mulliken              F
#:defined? Charge.Mulliken              F
Charge.Mulliken     geometry+end     # default value
Charge.Mulliken.Format         1     # default value
WriteHirshfeldPop              T
#:defined? WriteHirshfeldPop              T
#**Warning: FDF symbol 'WriteHirshfeldPop' is deprecated.
#:block? Charge.Hirshfeld              F
#:defined? Charge.Hirshfeld              F
#           FDF symbol 'Charge.Hirshfeld' replaces 'WriteHirshfeldPop'.
#:block? Charge.Hirshfeld              F
#:defined? Charge.Hirshfeld              F
WriteVoronoiPop              T
#:defined? WriteVoronoiPop              T
#**Warning: FDF symbol 'WriteVoronoiPop' is deprecated.
#:block? Charge.Voronoi              F
#:defined? Charge.Voronoi              F
#           FDF symbol 'Charge.Voronoi' replaces 'WriteVoronoiPop'.
#:block? Charge.Voronoi              F
#:defined? Charge.Voronoi              F
#:block? Charge.Spin              F
#:defined? Charge.Spin              F
MeshCutoff          100.0000000             Ry
# above item originally: MeshCutoff          100.0000000     Ry        
NetCharge          0.000000000         # default value
MinSCFIterations         0     # default value
MaxSCFIterations            200
SCF.MustConverge              T     # default value
#:block? TS.MixH              F
#:defined? TS.MixH              F
#:block? MixHamiltonian              F
#:defined? MixHamiltonian              F
#:block? MixCharge              F
#:defined? MixCharge              F
TS.MixH              T     # default value
MixHamiltonian              T     # default value
MixCharge              F     # default value
SCF.Mix     Hamiltonian                                                                     
Compat-pre-v4-DM-H              F     # default value
SCF.MixAfterConvergence              F     # default value
SCF.Recompute-H-After-Scf              F     # default value
DM.NumberPulay         0     # default value
DM.NumberBroyden         0     # default value
DM.FIRE.Mixing              F     # default value
DM.MixSCF1              T     # default value
SCF.Mix.First              T     # default value
SCF.Mix.First.Force              F     # default value
DM.PulayOnFile              F     # default value
DM.MixingWeight         0.2500000000         # default value
DM.OccupancyTolerance         0.1000000000E-11     # default value
DM.NumberKick         0     # default value
DM.KickMixingWeight         0.5000000000         # default value
DM.RequireHarrisConvergence              F     # default value
SCF.Harris.Converge              F     # default value
DM.HarrisTolerance         0.7349864435E-05 Ry     # default value
SCF.Harris.Tolerance         0.7349864435E-05 Ry     # default value
SCF.DM.Converge              T     # default value
DM.Tolerance         0.1000000000E-03     # default value
SCF.DM.Tolerance         0.5000000000E-05
SCF.EDM.Converge              F     # default value
SCF.EDM.Tolerance         0.7349864435E-04 Ry     # default value
SCF.H.Converge              T     # default value
SCF.H.Tolerance         0.3674932218E-05         Ry
# above item originally: SCF.H.Tolerance         0.5000000000E-04 eV        
DM.RequireEnergyConvergence              F     # default value
SCF.FreeE.Converge              F     # default value
DM.EnergyTolerance         0.7349864435E-05 Ry     # default value
SCF.FreeE.Tolerance         0.7349864435E-05 Ry     # default value
MonitorForcesInSCF              F     # default value
SCF.MonitorForces              F     # default value
DFTD3              F     # default value
UseSaveData              F     # default value
#:block? UseSaveData              F
#:defined? UseSaveData              F
DM.UseSaveDM              T
NeglNonOverlapInt              F     # default value
SolutionMethod     diagon                                                                          
ElectronicTemperature         0.1900086938E-02         Ry
# above item originally: ElectronicTemperature          300.0000000     K         
FixSpin              F     # default value
Spin.Fix              F     # default value
ON.MaxNumIter      1000     # default value
ON.etol         0.1000000000E-07     # default value
ON.eta          0.000000000     Ry     # default value
ON.eta_alpha          0.000000000     Ry     # default value
ON.eta_beta          0.000000000     Ry     # default value
On.RcLWF          9.500000000     Bohr     # default value
ON.UseSaveLWF              F     # default value
ON.functional     kim     # default value
ON.ChemicalPotentialUse              F     # default value
ON.ChemicalPotential              F     # default value
ON.ChemicalPotentialRc          9.500000000     Bohr     # default value
ON.ChemicalPotentialTemperature         0.5000000000E-01 Ry     # default value
ON.ChemicalPotentialOrder       100     # default value
TDED.WF.Initialize              F     # default value
TDED.Saverho              F     # default value
TDED.Nsaverho       100     # default value
TDED.Write.Etot              T     # default value
TDED.Write.Eig              F     # default value
TDED.Write.Dipole              F     # default value
TDED.Extrapolate              F     # default value
TDED.TimeStep         0.1000000000E-02 fs     # default value
TDED.Nsteps         1     # default value
TDED.Extrapolate.Substeps         3     # default value
TDED.Inverse.Linear              T     # default value
TDED.WF.Save              F     # default value
MD.VariableCell              F     # default value
compat-pre-v4-dynamics              F     # default value
MD.TypeOfRun     CG                                                                              
MD.UseSaveCG              F     # default value
Optim.Broyden              F     # default value
#:block? Optim.Broyden              F
#:defined? Optim.Broyden              F
MD.NumCGsteps         0     # default value
MD.Steps            100
MD.MaxCGDispl         0.1889726125           Bohr
# above item originally: MD.MaxCGDispl         0.1000000000     Ang       
MD.MaxDispl         0.1889726125     Bohr     # default value
MD.MaxForceTol         0.3889380762E-05    Ry/Bohr
# above item originally: MD.MaxForceTol         0.1000000000E-03 eV/Ang    
MD.MaxStressTol         0.6797861843E-08 Ry/Bohr**3
# above item originally: MD.MaxStressTol         0.1000000000E-03 GPa       
GeometryMustConverge              F     # default value
MD.InitialTimeStep         1     # default value
#:defined? MD.Steps              T
MD.FinalTimeStep       100     # default value
MD.LengthTimeStep          1.000000000     fs     # default value
MD.Quench              F     # default value
MD.FireQuench              F     # default value
MD.InitialTemperature          0.000000000     K     # default value
MD.TargetTemperature          0.000000000     K     # default value
#:defined? MD.TargetPressure              T
#**Warning: FDF symbol 'MD.TargetPressure' is deprecated.
#:block? Target.Pressure              F
#:defined? Target.Pressure              F
#           FDF symbol 'Target.Pressure' replaces 'MD.TargetPressure'.
MD.TargetPressure         0.6797861843E-08 Ry/Bohr**3
# above item originally: MD.TargetPressure         0.1000000000E-03 GPa       
Target.Pressure         0.6797861843E-08 Ry/Bohr**3     # default value
MD.NoseMass          100.0000000     Ry*fs**2     # default value
MD.ParrinelloRahmanMass          100.0000000     Ry*fs**2     # default value
MD.AnnealOption     TemperatureAndPressure     # default value
MD.TauRelax          100.0000000     fs     # default value
MD.BulkModulus         0.6797730000E-02 Ry/Bohr**3     # default value
MD.FCDispl         0.4000000000E-01 Bohr     # default value
MD.FCfirst         1     # default value
MD.FClast        85     # default value
UseSpatialDecomposition              F     # default value
UseDomainDecomposition              F     # default value
SCF.Mix.Spin     all     # default value
Mixer.Debug              F     # default value
Mixer.Debug.MPI              F     # default value
DM.NumberPulay         2     # default value
DM.NumberBroyden         0     # default value
DM.MixingWeight         0.2500000000         # default value
DM.NumberKick         0     # default value
DM.KickMixingWeight         0.5000000000         # default value
SCF.LinearMixingAfterPulay              F     # default value
SCF.MixingWeightAfterPulay         0.2500000000         # default value
SCF.Mixer.History             20
SCF.Mixer.Weight         0.1500000000    
SCF.Mixer.Kick             10
SCF.Mixer.Kick.Weight         0.5000000000         # default value
SCF.Mixer.Restart         0     # default value
SCF.Mixer.Restart.Save         1     # default value
SCF.Mixer.Method     Pulay                                                                           
SCF.Mixer.Variant     original     # default value
SCF.Mixer.Linear.After        -1     # default value
SCF.Mixer.Linear.After.Weight         0.2500000000         # default value
#:block? ChargeGeometries              F
#:defined? ChargeGeometries              F
#:block? ChargeGeometries              F
#:defined? ChargeGeometries              F
BulkBias.V          0.000000000     Ry     # default value
BulkBias.Voltage          0.000000000     Ry     # default value
BulkBias.Tolerance         0.1000000000E-14     # default value
BulkBias.Current              T     # default value
Harris_functional              F     # default value
ForceAuxCell              F     # default value
#:block? Optim.Broyden.History.Steps              F
#:defined? Optim.Broyden.History.Steps              F
#:block? Optim.Broyden.Cycle.On.Maxit              F
#:defined? Optim.Broyden.Cycle.On.Maxit              F
#:block? Optim.Broyden.Variable.Weight              F
#:defined? Optim.Broyden.Variable.Weight              F
#:block? Optim.Broyden.Debug              F
#:defined? Optim.Broyden.Debug              F
#:block? Optim.Broyden.Initial.Inverse.Jacobian              F
#:defined? Optim.Broyden.Initial.Inverse.Jacobian              F
Write.Kpoints              F     # default value
Write.Forces              T
Write.DM              T     # default value
Write.DM.End.Of.Cycle              T     # default value
Write.H              F     # default value
Write.H.End.Of.Cycle              F     # default value
Write.DM.NetCDF              T
WriteDM.History.NetCDF              F     # default value
WriteDMHS.NetCDF              T
WriteDMHS.History.NetCDF              F     # default value
SCF.Read.Charge.NetCDF              F     # default value
SCF.Read.Deformation.Charge.NetCDF              F     # default value
Write.TSHS.History              F     # default value
SaveInitialChargeDensity              F     # default value
AnalyzeChargeDensityOnly              F     # default value
UseNewDiagk              F     # default value
Diag.WFS.Cache     none     # default value
WriteBands              F     # default value
WriteKbands              F     # default value
WriteEigenvalues              F
WriteCoorStep              T
WriteMDhistory              F     # default value
WriteMDXmol              T
WriteOrbitalIndex              T     # default value
Write.Graphviz     none     # default value
WriteCoorStep              T
SaveHS              T
ReInitialiseDM              T     # default value
DM.AllowReuse              T     # default value
DM.AllowExtrapolation              T     # default value
DM.History.Depth         1     # default value
DM.NormalizationTolerance         0.1000000000E-04     # default value
DM.NormalizeDuringSCF              T     # default value
WarningMinimumAtomicDistance          1.000000000     Bohr     # default value
BornCharge              F     # default value
ChangeKgridInMD              T     # default value
MD.RelaxCellOnly              F     # default value
MD.RemoveIntraMolecularPressure              F     # default value
COOP.Write              F     # default value
SaveRho              F     # default value
SaveDeltaRho              F     # default value
SaveRhoXC              F     # default value
SaveElectrostaticPotential              F     # default value
SaveNeutralAtomPotential              F     # default value
SaveTotalPotential              F     # default value
SaveIonicCharge              F     # default value
SaveBaderCharge              F     # default value
SaveTotalCharge              F     # default value
Siesta2Wannier90.WriteMmn              F     # default value
Siesta2Wannier90.WriteUnk              F     # default value
Siesta2Wannier90.WriteAmn              F     # default value
Siesta2Wannier90.WriteEig              F     # default value
#:block? Siesta2Wannier90.NumberOfBandsUp              F
#:defined? Siesta2Wannier90.NumberOfBandsUp              F
#:block? Siesta2Wannier90.NumberOfBandsDown              F
#:defined? Siesta2Wannier90.NumberOfBandsDown              F
#:block? Siesta2Wannier90.NumberOfBands              F
#:defined? Siesta2Wannier90.NumberOfBands              F
Siesta2Wannier90.NumberOfBandsUp         0     # default value
Siesta2Wannier90.NumberOfBandsDown         0     # default value
Siesta2Wannier90.NumberOfBands         0     # default value
CDF.Save              F     # default value
CDF.Compress         0     # default value
CDF.Read.Parallel              F     # default value
#:block-line-count? Wannier.Manifolds   0
Wannier.Manifolds.R.between              F     # default value
Wannier.Manifold.IndexPerturbed         1     # default value
Wannier.Mmn.Diagonal              F     # default value
DM.AllowReuse              T     # default value
DM.AllowExtrapolation              T     # default value
DM.AllowExtrapolation              F     # default value
NumberOfEigenStates       857     # default value
RcSpatial          0.000000000     Bohr     # default value
ProcessorGridX         1     # default value
ProcessorGridY         1     # default value
ProcessorGridZ         1     # default value
Spin.Spiral              F     # default value
TimeReversalSymmetryForKpoints              T     # default value
#:list? kgrid.MonkhorstPack                                                                                                                                                                                                                                                           F
#:block? kgrid.Cutoff                                                                                                                                                                                                                                                                  F
#:defined? kgrid.Cutoff                                                                                                                                                                                                                                                                  F
#:block? kgrid.File                                                                                                                                                                                                                                                                    F
#:defined? kgrid.File                                                                                                                                                                                                                                                                    F
#:block? ProjectedDensityOfStates              F
#:block? LocalDensityOfStates              F
Diag.ProcessorY         1     # default value
Diag.BlockSize         8     # default value
Diag.Use2D              F     # default value
Diag.UpperLower     lower     # default value
Diag.DivideAndConquer              T     # default value
Diag.MRRR              F     # default value
Diag.NoExpert              F     # default value
Diag.Algorithm     Divide-and-Conquer     # default value
Diag.AbsTol         0.1000000000E-15     # default value
Diag.OrFac         0.1000000000E-05     # default value
Diag.Memory          1.000000000         # default value
#:block? BandLines              F
#:defined? BandLines              F
#:block? BandPoints              F
#:defined? BandPoints              F
LongOutput              F     # default value
WriteWaveFunctions              F     # default value
#:block-line-count? MetaForce (iirrr)   0
#:block? TS.BufferAtomsLeft              F
#:defined? TS.BufferAtomsLeft              F
#:block? TS.BufferAtomsRight              F
#:defined? TS.BufferAtomsRight              F
#:list? TS.Atoms.Buffer              F
TS.HS.Save              F     # default value
TS.DE.Save              F     # default value
TS.onlyS              F     # default value
TS.S.Save              F     # default value
Spin.Spiral              F     # default value
TimeReversalSymmetryForKpoints              T     # default value
#:list? TS.kgrid.MonkhorstPack                                                                                                                                                                                                                                                        F
#:block? TS.kgrid.Cutoff                                                                                                                                                                                                                                                               F
#:defined? TS.kgrid.Cutoff                                                                                                                                                                                                                                                               F
#:block? TS.kgrid.File                                                                                                                                                                                                                                                                 F
#:defined? TS.kgrid.File                                                                                                                                                                                                                                                                 F
